cargo :    Compiling AgroCLI v0.1.0 
(C:\Users\setia\Downloads\AgroCLI)
At line:1 char:1
+ cargo build 2>&1 > C:\Users\setia\Downloa
ds\AgroCLI\build_output.txt; ...
+ ~~~~~~~~~~~~~~~~~~~~~~~~~~~~~~~~~~~~~~~~~
~~~~~~~~~~~~~~~~~~~~~~~~~~~
    + CategoryInfo          : NotSpecified 
   : (   Compiling Ag...nloads\AgroCLI):S  
  tring) [], RemoteException
    + FullyQualifiedErrorId : NativeComman 
   dError
 
    Finished `dev` profile [unoptimized + 
debuginfo] target(s) in 28.69s
